// Jest Snapshot v1, https://goo.gl/fbAQLP

exports[`should render the mission page 1`] = `
<div>
  Loading ...
</div>
`;
